ERC report (2026-06-20T14:30:04, Encoding UTF8)
Report includes: Errors, Warnings

***** Sheet /
[pin_not_connected]: Hierarchical label 'GND' in root sheet cannot be connected to non-existent parent sheet
    ; error
    @(73.50 mm, 15.24 mm): Hierarchical Label 'GND'
[pin_not_connected]: Hierarchical label 'MOT_ISENSE' in root sheet cannot be connected to non-existent parent sheet
    ; error
    @(73.50 mm, 17.78 mm): Hierarchical Label 'MOT_ISENSE'
[pin_not_connected]: Hierarchical label 'MOT_RTN' in root sheet cannot be connected to non-existent parent sheet
    ; error
    @(73.50 mm, 20.32 mm): Hierarchical Label 'MOT_RTN'
[pin_not_connected]: Hierarchical label 'VMOT_F' in root sheet cannot be connected to non-existent parent sheet
    ; error
    @(73.50 mm, 22.86 mm): Hierarchical Label 'VMOT_F'
[pin_not_connected]: Hierarchical label 'VSYS' in root sheet cannot be connected to non-existent parent sheet
    ; error
    @(73.50 mm, 25.40 mm): Hierarchical Label 'VSYS'
[pin_not_connected]: Hierarchical label 'GND' in root sheet cannot be connected to non-existent parent sheet
    ; error
    @(137.00 mm, 15.24 mm): Hierarchical Label 'GND'
[pin_not_connected]: Hierarchical label 'I2C1_SCL' in root sheet cannot be connected to non-existent parent sheet
    ; error
    @(137.00 mm, 17.78 mm): Hierarchical Label 'I2C1_SCL'
[pin_not_connected]: Hierarchical label 'I2C1_SDA' in root sheet cannot be connected to non-existent parent sheet
    ; error
    @(137.00 mm, 20.32 mm): Hierarchical Label 'I2C1_SDA'
[pin_not_connected]: Hierarchical label 'IMU_CS' in root sheet cannot be connected to non-existent parent sheet
    ; error
    @(137.00 mm, 22.86 mm): Hierarchical Label 'IMU_CS'
[pin_not_connected]: Hierarchical label 'IMU_INT' in root sheet cannot be connected to non-existent parent sheet
    ; error
    @(137.00 mm, 25.40 mm): Hierarchical Label 'IMU_INT'
[pin_not_connected]: Hierarchical label 'IMU_MISO' in root sheet cannot be connected to non-existent parent sheet
    ; error
    @(137.00 mm, 27.94 mm): Hierarchical Label 'IMU_MISO'
[pin_not_connected]: Hierarchical label 'IMU_MOSI' in root sheet cannot be connected to non-existent parent sheet
    ; error
    @(137.00 mm, 30.48 mm): Hierarchical Label 'IMU_MOSI'
[pin_not_connected]: Hierarchical label 'IMU_SCLK' in root sheet cannot be connected to non-existent parent sheet
    ; error
    @(137.00 mm, 33.02 mm): Hierarchical Label 'IMU_SCLK'
[pin_not_connected]: Hierarchical label 'M0_ENC_A' in root sheet cannot be connected to non-existent parent sheet
    ; error
    @(137.00 mm, 35.56 mm): Hierarchical Label 'M0_ENC_A'
[pin_not_connected]: Hierarchical label 'M0_ENC_B' in root sheet cannot be connected to non-existent parent sheet
    ; error
    @(137.00 mm, 38.10 mm): Hierarchical Label 'M0_ENC_B'
[pin_not_connected]: Hierarchical label 'M0_IN1' in root sheet cannot be connected to non-existent parent sheet
    ; error
    @(137.00 mm, 40.64 mm): Hierarchical Label 'M0_IN1'
[pin_not_connected]: Hierarchical label 'M0_IN2' in root sheet cannot be connected to non-existent parent sheet
    ; error
    @(137.00 mm, 43.18 mm): Hierarchical Label 'M0_IN2'
[pin_not_connected]: Hierarchical label 'M0_PWM' in root sheet cannot be connected to non-existent parent sheet
    ; error
    @(137.00 mm, 45.72 mm): Hierarchical Label 'M0_PWM'
[pin_not_connected]: Hierarchical label 'M1_ENC_A' in root sheet cannot be connected to non-existent parent sheet
    ; error
    @(137.00 mm, 48.26 mm): Hierarchical Label 'M1_ENC_A'
[pin_not_connected]: Hierarchical label 'M1_ENC_B' in root sheet cannot be connected to non-existent parent sheet
    ; error
    @(137.00 mm, 50.80 mm): Hierarchical Label 'M1_ENC_B'
[pin_not_connected]: Hierarchical label 'M1_IN1' in root sheet cannot be connected to non-existent parent sheet
    ; error
    @(137.00 mm, 53.34 mm): Hierarchical Label 'M1_IN1'
[pin_not_connected]: Hierarchical label 'M1_IN2' in root sheet cannot be connected to non-existent parent sheet
    ; error
    @(137.00 mm, 55.88 mm): Hierarchical Label 'M1_IN2'
[pin_not_connected]: Hierarchical label 'M1_PWM' in root sheet cannot be connected to non-existent parent sheet
    ; error
    @(137.00 mm, 58.42 mm): Hierarchical Label 'M1_PWM'
[pin_not_connected]: Hierarchical label 'M2_ENC_A' in root sheet cannot be connected to non-existent parent sheet
    ; error
    @(137.00 mm, 60.96 mm): Hierarchical Label 'M2_ENC_A'
[pin_not_connected]: Hierarchical label 'M2_ENC_B' in root sheet cannot be connected to non-existent parent sheet
    ; error
    @(137.00 mm, 63.50 mm): Hierarchical Label 'M2_ENC_B'
[pin_not_connected]: Hierarchical label 'M2_IN1' in root sheet cannot be connected to non-existent parent sheet
    ; error
    @(137.00 mm, 66.04 mm): Hierarchical Label 'M2_IN1'
[pin_not_connected]: Hierarchical label 'M2_IN2' in root sheet cannot be connected to non-existent parent sheet
    ; error
    @(137.00 mm, 68.58 mm): Hierarchical Label 'M2_IN2'
[pin_not_connected]: Hierarchical label 'M2_PWM' in root sheet cannot be connected to non-existent parent sheet
    ; error
    @(137.00 mm, 71.12 mm): Hierarchical Label 'M2_PWM'
[pin_not_connected]: Hierarchical label 'MOTOR_STBY' in root sheet cannot be connected to non-existent parent sheet
    ; error
    @(137.00 mm, 73.66 mm): Hierarchical Label 'MOTOR_STBY'
[pin_not_connected]: Hierarchical label 'MOT_ISENSE' in root sheet cannot be connected to non-existent parent sheet
    ; error
    @(137.00 mm, 76.20 mm): Hierarchical Label 'MOT_ISENSE'
[pin_not_connected]: Hierarchical label 'V3V3' in root sheet cannot be connected to non-existent parent sheet
    ; error
    @(137.00 mm, 78.74 mm): Hierarchical Label 'V3V3'
[pin_not_connected]: Hierarchical label 'VSYS' in root sheet cannot be connected to non-existent parent sheet
    ; error
    @(137.00 mm, 81.28 mm): Hierarchical Label 'VSYS'
[pin_not_connected]: Hierarchical label 'GND' in root sheet cannot be connected to non-existent parent sheet
    ; error
    @(199.23 mm, 15.24 mm): Hierarchical Label 'GND'
[pin_not_connected]: Hierarchical label 'M0_ENC_A' in root sheet cannot be connected to non-existent parent sheet
    ; error
    @(199.23 mm, 17.78 mm): Hierarchical Label 'M0_ENC_A'
[pin_not_connected]: Hierarchical label 'M0_ENC_B' in root sheet cannot be connected to non-existent parent sheet
    ; error
    @(199.23 mm, 20.32 mm): Hierarchical Label 'M0_ENC_B'
[pin_not_connected]: Hierarchical label 'M0_IN1' in root sheet cannot be connected to non-existent parent sheet
    ; error
    @(199.23 mm, 22.86 mm): Hierarchical Label 'M0_IN1'
[pin_not_connected]: Hierarchical label 'M0_IN2' in root sheet cannot be connected to non-existent parent sheet
    ; error
    @(199.23 mm, 25.40 mm): Hierarchical Label 'M0_IN2'
[pin_not_connected]: Hierarchical label 'M2_PWM' in root sheet cannot be connected to non-existent parent sheet
    ; error
    @(199.23 mm, 53.34 mm): Hierarchical Label 'M2_PWM'
[pin_not_connected]: Hierarchical label 'MOTOR_STBY' in root sheet cannot be connected to non-existent parent sheet
    ; error
    @(199.23 mm, 55.88 mm): Hierarchical Label 'MOTOR_STBY'
[pin_not_connected]: Hierarchical label 'MOT_RTN' in root sheet cannot be connected to non-existent parent sheet
    ; error
    @(199.23 mm, 58.42 mm): Hierarchical Label 'MOT_RTN'
[pin_not_connected]: Hierarchical label 'V3V3' in root sheet cannot be connected to non-existent parent sheet
    ; error
    @(199.23 mm, 60.96 mm): Hierarchical Label 'V3V3'
[pin_not_connected]: Hierarchical label 'VMOT_F' in root sheet cannot be connected to non-existent parent sheet
    ; error
    @(199.23 mm, 63.50 mm): Hierarchical Label 'VMOT_F'
[isolated_pin_label]: Label connected to only one pin
    ; warning
    @(78.74 mm, 27.94 mm): Hierarchical Label 'DRAIN_COM'
[isolated_pin_label]: Label connected to only one pin
    ; warning
    @(78.74 mm, 27.94 mm): Hierarchical Label 'DRAIN_COM'
[isolated_pin_label]: Label connected to only one pin
    ; warning
    @(25.40 mm, 63.50 mm): Hierarchical Label 'P4_SCL0'
[isolated_pin_label]: Label connected to only one pin
    ; warning
    @(25.40 mm, 66.04 mm): Hierarchical Label 'P4_SDA0'
[isolated_pin_label]: Label connected to only one pin
    ; warning
    @(50.80 mm, 25.40 mm): Hierarchical Label 'P4_VBUS'
[isolated_pin_label]: Label connected to only one pin
    ; warning
    @(50.80 mm, 33.02 mm): Hierarchical Label 'P4_EN'
[isolated_pin_label]: Label connected to only one pin
    ; warning
    @(50.80 mm, 48.26 mm): Hierarchical Label 'P4_GPIO23'
[isolated_pin_label]: Label connected to only one pin
    ; warning
    @(50.80 mm, 50.80 mm): Hierarchical Label 'P4_RUN'

***** Sheet /Power/
[hier_label_mismatch]: Hierarchical label IP_LED1 has no matching sheet pin in the parent sheet
    ; error
    @(29.21 mm, 30.48 mm): Hierarchical Label 'IP_LED1'
[hier_label_mismatch]: Hierarchical label IP_LED2 has no matching sheet pin in the parent sheet
    ; error
    @(29.21 mm, 33.02 mm): Hierarchical Label 'IP_LED2'
[hier_label_mismatch]: Hierarchical label IP_LED3 has no matching sheet pin in the parent sheet
    ; error
    @(29.21 mm, 35.56 mm): Hierarchical Label 'IP_LED3'
[hier_label_mismatch]: Hierarchical label LED_A3 has no matching sheet pin in the parent sheet
    ; error
    @(30.48 mm, 92.71 mm): Hierarchical Label 'LED_A3'
[pin_not_connected]: Pin not connected
    ; error
    @(30.48 mm, 100.33 mm): Symbol R4 Pin 2 [Passive, Line]
[pin_not_connected]: Pin not connected
    ; error
    @(30.48 mm, 158.75 mm): Symbol C5 Pin 2 [Passive, Line]
[pin_not_connected]: Pin not connected
    ; error
    @(52.07 mm, 33.02 mm): Symbol U2 Pin 6 [BAT, Unspecified, Line]
[hier_label_mismatch]: Hierarchical label KEY_BTN has no matching sheet pin in the parent sheet
    ; error
    @(52.07 mm, 35.56 mm): Hierarchical Label 'KEY_BTN'
[pin_not_connected]: Pin not connected
    ; error
    @(55.88 mm, 92.71 mm): Symbol L2 Pin 1 [1, Passive, Line]
[pin_not_connected]: Pin not connected
    ; error
    @(55.88 mm, 158.75 mm): Symbol C6 Pin 2 [Passive, Line]
[hier_label_mismatch]: Hierarchical label DRAIN_COM has no matching sheet pin in the parent sheet
    ; error
    @(78.74 mm, 27.94 mm): Hierarchical Label 'DRAIN_COM'
[pin_not_connected]: Pin not connected
    ; error
    @(78.74 mm, 100.33 mm): Symbol R5 Pin 2 [Passive, Line]
[pin_not_connected]: Pin not connected
    ; error
    @(78.74 mm, 158.75 mm): Symbol C7 Pin 2 [Passive, Line]
[pin_not_connected]: Pin not connected
    ; error
    @(104.14 mm, 27.94 mm): Symbol Q1 Pin 5 [D1/D2, Unspecified, Line]
[pin_not_connected]: Pin not connected
    ; error
    @(104.14 mm, 100.33 mm): Symbol R6 Pin 2 [Passive, Line]
[pin_not_connected]: Pin not connected
    ; error
    @(104.14 mm, 158.75 mm): Symbol C8 Pin 2 [Passive, Line]
[hier_label_mismatch]: Hierarchical label MT_SW has no matching sheet pin in the parent sheet
    ; error
    @(129.54 mm, 25.40 mm): Hierarchical Label 'MT_SW'
[hier_label_mismatch]: Hierarchical label MT_FB has no matching sheet pin in the parent sheet
    ; error
    @(129.54 mm, 30.48 mm): Hierarchical Label 'MT_FB'
[hier_label_mismatch]: Hierarchical label VMOT has no matching sheet pin in the parent sheet
    ; error
    @(129.54 mm, 92.71 mm): Hierarchical Label 'VMOT'
[pin_not_connected]: Pin not connected
    ; error
    @(129.54 mm, 100.33 mm): Symbol F1 Pin 2 [Passive, Line]
[pin_not_connected]: Pin not connected
    ; error
    @(129.54 mm, 158.75 mm): Symbol C9 Pin 2 [Passive, Line]
[pin_not_connected]: Pin not connected
    ; error
    @(149.86 mm, 25.40 mm): Symbol U3 Pin 6 [NC, Unspecified, Line]
[pin_not_connected]: Pin not connected
    ; error
    @(149.86 mm, 27.94 mm): Symbol U3 Pin 5 [IN, Unspecified, Line]
[pin_not_connected]: Pin not connected
    ; error
    @(149.86 mm, 30.48 mm): Symbol U3 Pin 4 [EN, Unspecified, Line]
[pin_not_connected]: Pin not connected
    ; error
    @(149.86 mm, 147.32 mm): Symbol J1 Pin 1 [Pin_1, Passive, Line]
[hier_label_mismatch]: Hierarchical label CELL_MINUS has no matching sheet pin in the parent sheet
    ; error
    @(149.86 mm, 149.86 mm): Hierarchical Label 'CELL_MINUS'
[pin_not_connected]: Pin not connected
    ; error
    @(154.94 mm, 100.33 mm): Symbol R7 Pin 2 [Passive, Line]
[hier_label_mismatch]: Hierarchical label DW_OD has no matching sheet pin in the parent sheet
    ; error
    @(172.72 mm, 25.40 mm): Hierarchical Label 'DW_OD'
[hier_label_mismatch]: Hierarchical label DW_OC has no matching sheet pin in the parent sheet
    ; error
    @(172.72 mm, 30.48 mm): Hierarchical Label 'DW_OC'
[hier_label_mismatch]: Hierarchical label CHG_IN has no matching sheet pin in the parent sheet
    ; error
    @(175.26 mm, 147.32 mm): Hierarchical Label 'CHG_IN'
[pin_not_connected]: Pin not connected
    ; error
    @(180.34 mm, 100.33 mm): Symbol R8 Pin 2 [Passive, Line]
[pin_not_connected]: Pin not connected
    ; error
    @(193.04 mm, 30.48 mm): Symbol U1 Pin 4 [TD, Unspecified, Line]
[pin_not_connected]: Pin not connected
    ; error
    @(302.26 mm, 97.79 mm): Symbol C1 Pin 2 [Passive, Line]
[hier_label_mismatch]: Hierarchical label DW_VCC has no matching sheet pin in the parent sheet
    ; error
    @(325.12 mm, 31.75 mm): Hierarchical Label 'DW_VCC'
[pin_not_connected]: Pin not connected
    ; error
    @(325.12 mm, 39.37 mm): Symbol R1 Pin 2 [Passive, Line]
[pin_not_connected]: Pin not connected
    ; error
    @(327.66 mm, 97.79 mm): Symbol C2 Pin 2 [Passive, Line]
[pin_not_connected]: Pin not connected
    ; error
    @(350.52 mm, 31.75 mm): Symbol L1 Pin 1 [1, Passive, Line]
[hier_label_mismatch]: Hierarchical label IP5306_SW has no matching sheet pin in the parent sheet
    ; error
    @(350.52 mm, 39.37 mm): Hierarchical Label 'IP5306_SW'
[pin_not_connected]: Pin not connected
    ; error
    @(353.06 mm, 97.79 mm): Symbol C3 Pin 2 [Passive, Line]
[hier_label_mismatch]: Hierarchical label LED_A1 has no matching sheet pin in the parent sheet
    ; error
    @(375.92 mm, 31.75 mm): Hierarchical Label 'LED_A1'
[hier_label_mismatch]: Hierarchical label V5 has no matching sheet pin in the parent sheet
    ; error
    @(375.92 mm, 31.75 mm): Hierarchical Label 'V5'
[pin_not_connected]: Pin not connected
    ; error
    @(375.92 mm, 39.37 mm): Symbol R2 Pin 2 [Passive, Line]
[pin_not_connected]: Pin not connected
    ; error
    @(378.46 mm, 97.79 mm): Symbol C4 Pin 2 [Passive, Line]
[hier_label_mismatch]: Hierarchical label LED_A2 has no matching sheet pin in the parent sheet
    ; error
    @(401.32 mm, 31.75 mm): Hierarchical Label 'LED_A2'
[pin_not_connected]: Pin not connected
    ; error
    @(401.32 mm, 39.37 mm): Symbol R3 Pin 2 [Passive, Line]
[pin_to_pin]: Pins of type Unspecified and Unspecified are connected
    ; warning
    @(29.21 mm, 27.94 mm): Symbol U2 Pin 1 [VIN, Unspecified, Line]
    @(52.07 mm, 27.94 mm): Symbol U2 Pin 8 [VOUT, Unspecified, Line]
[pin_to_pin]: Pins of type Unspecified and Passive are connected
    ; warning
    @(29.21 mm, 30.48 mm): Symbol U2 Pin 2 [LED1, Unspecified, Line]
    @(204.47 mm, 86.36 mm): Symbol D1 Pin 1 [K, Passive, Line]
[pin_to_pin]: Pins of type Unspecified and Passive are connected
    ; warning
    @(29.21 mm, 33.02 mm): Symbol U2 Pin 3 [LED2, Unspecified, Line]
    @(237.49 mm, 86.36 mm): Symbol D2 Pin 1 [K, Passive, Line]
[pin_to_pin]: Pins of type Unspecified and Passive are connected
    ; warning
    @(29.21 mm, 35.56 mm): Symbol U2 Pin 4 [LED3, Unspecified, Line]
    @(270.51 mm, 86.36 mm): Symbol D3 Pin 1 [K, Passive, Line]
[pin_to_pin]: Pins of type Unspecified and Passive are connected
    ; warning
    @(52.07 mm, 25.40 mm): Symbol U2 Pin 9 [EP, Unspecified, Line]
    @(30.48 mm, 92.71 mm): Symbol R4 Pin 1 [Passive, Line]
[pin_to_pin]: Pins of type Unspecified and Unspecified are connected
    ; warning
    @(52.07 mm, 27.94 mm): Symbol U2 Pin 8 [VOUT, Unspecified, Line]
    @(52.07 mm, 25.40 mm): Symbol U2 Pin 9 [EP, Unspecified, Line]
[pin_to_pin]: Pins of type Unspecified and Passive are connected
    ; warning
    @(52.07 mm, 30.48 mm): Symbol U2 Pin 7 [SW, Unspecified, Line]
    @(350.52 mm, 39.37 mm): Symbol L1 Pin 2 [2, Passive, Line]
[pin_to_pin]: Pins of type Unspecified and Passive are connected
    ; warning
    @(52.07 mm, 35.56 mm): Symbol U2 Pin 5 [KEY, Unspecified, Line]
    @(218.44 mm, 25.40 mm): Symbol SW1 Pin 1 [1, Passive, Line]
[pin_to_pin]: Pins of type Unspecified and Unspecified are connected
    ; warning
    @(78.74 mm, 25.40 mm): Symbol Q1 Pin 1 [S1, Unspecified, Line]
    @(193.04 mm, 25.40 mm): Symbol U1 Pin 6 [GND, Unspecified, Line]
[pin_to_pin]: Pins of type Unspecified and Unspecified are connected
    ; warning
    @(78.74 mm, 30.48 mm): Symbol Q1 Pin 3 [S2, Unspecified, Line]
    @(52.07 mm, 27.94 mm): Symbol U2 Pin 8 [VOUT, Unspecified, Line]
[multiple_net_names]: Both CHG_IN and MT_FB are attached to the same items; CHG_IN will be used in the netlist
    ; warning
    @(175.26 mm, 147.32 mm): Hierarchical Label 'CHG_IN'
    @(78.74 mm, 92.71 mm): Hierarchical Label 'MT_FB'
[pin_to_pin]: Pins of type Unspecified and Unspecified are connected
    ; warning
    @(104.14 mm, 25.40 mm): Symbol Q1 Pin 6 [G1, Unspecified, Line]
    @(172.72 mm, 25.40 mm): Symbol U1 Pin 1 [OD, Unspecified, Line]
[pin_to_pin]: Pins of type Unspecified and Unspecified are connected
    ; warning
    @(104.14 mm, 30.48 mm): Symbol Q1 Pin 4 [G2, Unspecified, Line]
    @(172.72 mm, 30.48 mm): Symbol U1 Pin 3 [OC, Unspecified, Line]
[pin_to_pin]: Pins of type Unspecified and Passive are connected
    ; warning
    @(129.54 mm, 25.40 mm): Symbol U3 Pin 1 [SW, Unspecified, Line]
    @(55.88 mm, 100.33 mm): Symbol L2 Pin 2 [2, Passive, Line]
[pin_to_pin]: Pins of type Unspecified and Unspecified are connected
    ; warning
    @(129.54 mm, 27.94 mm): Symbol U3 Pin 2 [GND, Unspecified, Line]
    @(129.54 mm, 30.48 mm): Symbol U3 Pin 3 [FB, Unspecified, Line]
[pin_to_pin]: Pins of type Unspecified and Passive are connected
    ; warning
    @(129.54 mm, 30.48 mm): Symbol U3 Pin 3 [FB, Unspecified, Line]
    @(129.54 mm, 92.71 mm): Symbol F1 Pin 1 [Passive, Line]
[pin_to_pin]: Pins of type Unspecified and Unspecified are connected
    ; warning
    @(172.72 mm, 27.94 mm): Symbol U1 Pin 2 [VM, Unspecified, Line]
    @(129.54 mm, 27.94 mm): Symbol U3 Pin 2 [GND, Unspecified, Line]
[pin_to_pin]: Pins of type Unspecified and Passive are connected
    ; warning
    @(193.04 mm, 25.40 mm): Symbol U1 Pin 6 [GND, Unspecified, Line]
    @(302.26 mm, 90.17 mm): Symbol C1 Pin 1 [Passive, Line]
[pin_to_pin]: Pins of type Unspecified and Unspecified are connected
    ; warning
    @(193.04 mm, 27.94 mm): Symbol U1 Pin 5 [VCC, Unspecified, Line]
    @(193.04 mm, 25.40 mm): Symbol U1 Pin 6 [GND, Unspecified, Line]
[pin_to_pin]: Pins of type Unspecified and Passive are connected
    ; warning
    @(254.00 mm, 25.40 mm): Symbol D4 Pin 1 [C, Unspecified, Line]
    @(228.60 mm, 25.40 mm): Symbol SW1 Pin 2 [2, Passive, Line]
[pin_to_pin]: Pins of type Unspecified and Unspecified are connected
    ; warning
    @(264.16 mm, 25.40 mm): Symbol D4 Pin 2 [A, Unspecified, Line]
    @(129.54 mm, 25.40 mm): Symbol U3 Pin 1 [SW, Unspecified, Line]
[pin_to_pin]: Pins of type Unspecified and Passive are connected
    ; warning
    @(289.56 mm, 25.40 mm): Symbol D5 Pin 1 [C, Unspecified, Line]
    @(50.80 mm, 27.94 mm): Symbol J4 Pin 2 [Pin_2, Passive, Line]
[pin_to_pin]: Pins of type Unspecified and Passive are connected
    ; warning
    @(299.72 mm, 25.40 mm): Symbol D5 Pin 2 [A, Unspecified, Line]
    @(278.13 mm, 86.36 mm): Symbol D3 Pin 2 [A, Passive, Line]
[multiple_net_names]: Both CELL_MINUS and DW_VCC are attached to the same items; CELL_MINUS will be used in the netlist
    ; warning
    @(78.74 mm, 25.40 mm): Hierarchical Label 'CELL_MINUS'
    @(302.26 mm, 90.17 mm): Hierarchical Label 'DW_VCC'

***** Sheet /Compute_Iface/
[hier_label_mismatch]: Hierarchical label P4_SCL0 has no matching sheet pin in the parent sheet
    ; error
    @(25.40 mm, 63.50 mm): Hierarchical Label 'P4_SCL0'
[hier_label_mismatch]: Hierarchical label P4_SDA0 has no matching sheet pin in the parent sheet
    ; error
    @(25.40 mm, 66.04 mm): Hierarchical Label 'P4_SDA0'
[hier_label_mismatch]: Hierarchical label P4_VBUS has no matching sheet pin in the parent sheet
    ; error
    @(50.80 mm, 25.40 mm): Hierarchical Label 'P4_VBUS'
[hier_label_mismatch]: Hierarchical label P4_EN has no matching sheet pin in the parent sheet
    ; error
    @(50.80 mm, 33.02 mm): Hierarchical Label 'P4_EN'
[hier_label_mismatch]: Hierarchical label P4_GPIO23 has no matching sheet pin in the parent sheet
    ; error
    @(50.80 mm, 48.26 mm): Hierarchical Label 'P4_GPIO23'
[hier_label_mismatch]: Hierarchical label P4_RUN has no matching sheet pin in the parent sheet
    ; error
    @(50.80 mm, 50.80 mm): Hierarchical Label 'P4_RUN'

***** Sheet /Motors/
[pin_not_connected]: Pin not connected
    ; error
    @(30.48 mm, 29.21 mm): Symbol U4 Pin 2 [AO1, Unspecified, Line]
[pin_not_connected]: Pin not connected
    ; error
    @(30.48 mm, 34.29 mm): Symbol U4 Pin 4 [PGND1, Unspecified, Line]
[pin_not_connected]: Pin not connected
    ; error
    @(30.48 mm, 39.37 mm): Symbol U4 Pin 6 [AO2, Unspecified, Line]
[pin_not_connected]: Pin not connected
    ; error
    @(30.48 mm, 44.45 mm): Symbol U4 Pin 8 [BO2, Unspecified, Line]
[pin_not_connected]: Pin not connected
    ; error
    @(30.48 mm, 49.53 mm): Symbol U4 Pin 10 [PGND2, Unspecified, Line]
[pin_not_connected]: Pin not connected
    ; error
    @(30.48 mm, 54.61 mm): Symbol U4 Pin 12 [BO1, Unspecified, Line]
[pin_not_connected]: Pin not connected
    ; error
    @(30.48 mm, 107.95 mm): Symbol C10 Pin 2 [Passive, Line]
[pin_not_connected]: Pin not connected
    ; error
    @(55.88 mm, 107.95 mm): Symbol C11 Pin 2 [Passive, Line]
[pin_not_connected]: Pin not connected
    ; error
    @(78.74 mm, 107.95 mm): Symbol C12 Pin 2 [Passive, Line]
[pin_not_connected]: Pin not connected
    ; error
    @(81.28 mm, 29.21 mm): Symbol U5 Pin 2 [AO1, Unspecified, Line]
[pin_not_connected]: Pin not connected
    ; error
    @(81.28 mm, 34.29 mm): Symbol U5 Pin 4 [PGND1, Unspecified, Line]
[pin_not_connected]: Pin not connected
    ; error
    @(81.28 mm, 39.37 mm): Symbol U5 Pin 6 [AO2, Unspecified, Line]
[pin_not_connected]: Pin not connected
    ; error
    @(81.28 mm, 41.91 mm): Symbol U5 Pin 7 [BO2, Unspecified, Line]
[pin_not_connected]: Pin not connected
    ; error
    @(81.28 mm, 44.45 mm): Symbol U5 Pin 8 [BO2, Unspecified, Line]
[pin_not_connected]: Pin not connected
    ; error
    @(81.28 mm, 49.53 mm): Symbol U5 Pin 10 [PGND2, Unspecified, Line]
[pin_not_connected]: Pin not connected
    ; error
    @(81.28 mm, 52.07 mm): Symbol U5 Pin 11 [BO1, Unspecified, Line]
[pin_not_connected]: Pin not connected
    ; error
    @(81.28 mm, 54.61 mm): Symbol U5 Pin 12 [BO1, Unspecified, Line]
[pin_not_connected]: Pin not connected
    ; error
    @(104.14 mm, 107.95 mm): Symbol C13 Pin 2 [Passive, Line]
[hier_label_mismatch]: Hierarchical label M0_OUT_A has no matching sheet pin in the parent sheet
    ; error
    @(124.46 mm, 96.52 mm): Hierarchical Label 'M0_OUT_A'
[hier_label_mismatch]: Hierarchical label M0_OUT_B has no matching sheet pin in the parent sheet
    ; error
    @(124.46 mm, 99.06 mm): Hierarchical Label 'M0_OUT_B'
[pin_not_connected]: Pin not connected
    ; error
    @(132.08 mm, 39.37 mm): Symbol R9 Pin 2 [Passive, Line]
[hier_label_mismatch]: Hierarchical label M1_OUT_A has no matching sheet pin in the parent sheet
    ; error
    @(149.86 mm, 96.52 mm): Hierarchical Label 'M1_OUT_A'
[hier_label_mismatch]: Hierarchical label M1_OUT_B has no matching sheet pin in the parent sheet
    ; error
    @(149.86 mm, 99.06 mm): Hierarchical Label 'M1_OUT_B'
[pin_not_connected]: Pin not connected
    ; error
    @(154.94 mm, 39.37 mm): Symbol R10 Pin 2 [Passive, Line]
[hier_label_mismatch]: Hierarchical label M2_OUT_A has no matching sheet pin in the parent sheet
    ; error
    @(175.26 mm, 96.52 mm): Hierarchical Label 'M2_OUT_A'
[hier_label_mismatch]: Hierarchical label M2_OUT_B has no matching sheet pin in the parent sheet
    ; error
    @(175.26 mm, 99.06 mm): Hierarchical Label 'M2_OUT_B'
[pin_not_connected]: Pin not connected
    ; error
    @(180.34 mm, 39.37 mm): Symbol R11 Pin 2 [Passive, Line]
[pin_not_connected]: Pin not connected
    ; error
    @(205.74 mm, 39.37 mm): Symbol R12 Pin 2 [Passive, Line]
[pin_not_connected]: Pin not connected
    ; error
    @(231.14 mm, 39.37 mm): Symbol R13 Pin 2 [Passive, Line]
[pin_not_connected]: Pin not connected
    ; error
    @(256.54 mm, 39.37 mm): Symbol R14 Pin 2 [Passive, Line]
[pin_to_pin]: Pins of type Unspecified and Passive are connected
    ; warning
    @(30.48 mm, 26.67 mm): Symbol U4 Pin 1 [AO1, Unspecified, Line]
    @(124.46 mm, 96.52 mm): Symbol J5 Pin 1 [Pin_1, Passive, Line]
[pin_to_pin]: Pins of type Unspecified and Unspecified are connected
    ; warning
    @(30.48 mm, 31.75 mm): Symbol U4 Pin 3 [PGND1, Unspecified, Line]
    @(30.48 mm, 46.99 mm): Symbol U4 Pin 9 [PGND2, Unspecified, Line]
[pin_to_pin]: Pins of type Unspecified and Passive are connected
    ; warning
    @(30.48 mm, 36.83 mm): Symbol U4 Pin 5 [AO2, Unspecified, Line]
    @(124.46 mm, 99.06 mm): Symbol J5 Pin 2 [Pin_2, Passive, Line]
[pin_to_pin]: Pins of type Unspecified and Passive are connected
    ; warning
    @(30.48 mm, 41.91 mm): Symbol U4 Pin 7 [BO2, Unspecified, Line]
    @(149.86 mm, 99.06 mm): Symbol J6 Pin 2 [Pin_2, Passive, Line]
[pin_to_pin]: Pins of type Unspecified and Unspecified are connected
    ; warning
    @(30.48 mm, 46.99 mm): Symbol U4 Pin 9 [PGND2, Unspecified, Line]
    @(55.88 mm, 52.07 mm): Symbol U4 Pin 14 [VM3, Unspecified, Line]
[pin_to_pin]: Pins of type Unspecified and Passive are connected
    ; warning
    @(30.48 mm, 52.07 mm): Symbol U4 Pin 11 [BO1, Unspecified, Line]
    @(149.86 mm, 96.52 mm): Symbol J6 Pin 1 [Pin_1, Passive, Line]
[pin_to_pin]: Pins of type Unspecified and Unspecified are connected
    ; warning
    @(55.88 mm, 26.67 mm): Symbol U4 Pin 24 [VM1, Unspecified, Line]
    @(81.28 mm, 31.75 mm): Symbol U5 Pin 3 [PGND1, Unspecified, Line]
[pin_to_pin]: Pins of type Unspecified and Passive are connected
    ; warning
    @(55.88 mm, 29.21 mm): Symbol U4 Pin 23 [PWMA, Unspecified, Line]
    @(25.40 mm, 60.96 mm): Symbol J3 Pin 15 [Pin_15, Passive, Line]
[pin_to_pin]: Pins of type Unspecified and Passive are connected
    ; warning
    @(55.88 mm, 31.75 mm): Symbol U4 Pin 22 [AIN2, Unspecified, Line]
    @(25.40 mm, 53.34 mm): Symbol J3 Pin 12 [Pin_12, Passive, Line]
[pin_to_pin]: Pins of type Unspecified and Passive are connected
    ; warning
    @(55.88 mm, 34.29 mm): Symbol U4 Pin 21 [AIN1, Unspecified, Line]
    @(25.40 mm, 58.42 mm): Symbol J3 Pin 14 [Pin_14, Passive, Line]
[pin_to_pin]: Pins of type Unspecified and Unspecified are connected
    ; warning
    @(55.88 mm, 36.83 mm): Symbol U4 Pin 20 [VCC, Unspecified, Line]
    @(55.88 mm, 26.67 mm): Symbol U4 Pin 24 [VM1, Unspecified, Line]
[pin_to_pin]: Pins of type Unspecified and Unspecified are connected
    ; warning
    @(55.88 mm, 39.37 mm): Symbol U4 Pin 19 [STBY, Unspecified, Line]
    @(106.68 mm, 39.37 mm): Symbol U5 Pin 19 [STBY, Unspecified, Line]
[pin_to_pin]: Pins of type Unspecified and Unspecified are connected
    ; warning
    @(55.88 mm, 41.91 mm): Symbol U4 Pin 18 [GND, Unspecified, Line]
    @(55.88 mm, 36.83 mm): Symbol U4 Pin 20 [VCC, Unspecified, Line]
[pin_to_pin]: Pins of type Unspecified and Passive are connected
    ; warning
    @(55.88 mm, 44.45 mm): Symbol U4 Pin 17 [BIN1, Unspecified, Line]
    @(25.40 mm, 71.12 mm): Symbol J3 Pin 19 [Pin_19, Passive, Line]
[pin_to_pin]: Pins of type Unspecified and Passive are connected
    ; warning
    @(55.88 mm, 46.99 mm): Symbol U4 Pin 16 [BIN2, Unspecified, Line]
    @(25.40 mm, 73.66 mm): Symbol J3 Pin 20 [Pin_20, Passive, Line]
[pin_to_pin]: Pins of type Unspecified and Passive are connected
    ; warning
    @(55.88 mm, 49.53 mm): Symbol U4 Pin 15 [PWMB, Unspecified, Line]
    @(25.40 mm, 50.80 mm): Symbol J3 Pin 11 [Pin_11, Passive, Line]
[pin_to_pin]: Pins of type Unspecified and Unspecified are connected
    ; warning
    @(55.88 mm, 52.07 mm): Symbol U4 Pin 14 [VM3, Unspecified, Line]
    @(55.88 mm, 41.91 mm): Symbol U4 Pin 18 [GND, Unspecified, Line]
[pin_to_pin]: Pins of type Unspecified and Unspecified are connected
    ; warning
    @(55.88 mm, 54.61 mm): Symbol U4 Pin 13 [VM2, Unspecified, Line]
    @(55.88 mm, 52.07 mm): Symbol U4 Pin 14 [VM3, Unspecified, Line]
[pin_to_pin]: Pins of type Unspecified and Passive are connected
    ; warning
    @(81.28 mm, 26.67 mm): Symbol U5 Pin 1 [AO1, Unspecified, Line]
    @(175.26 mm, 96.52 mm): Symbol J7 Pin 1 [Pin_1, Passive, Line]
[pin_to_pin]: Pins of type Unspecified and Unspecified are connected
    ; warning
    @(81.28 mm, 31.75 mm): Symbol U5 Pin 3 [PGND1, Unspecified, Line]
    @(81.28 mm, 46.99 mm): Symbol U5 Pin 9 [PGND2, Unspecified, Line]
[pin_to_pin]: Pins of type Unspecified and Passive are connected
    ; warning
    @(81.28 mm, 36.83 mm): Symbol U5 Pin 5 [AO2, Unspecified, Line]
    @(175.26 mm, 99.06 mm): Symbol J7 Pin 2 [Pin_2, Passive, Line]
[pin_to_pin]: Pins of type Unspecified and Unspecified are connected
    ; warning
    @(81.28 mm, 46.99 mm): Symbol U5 Pin 9 [PGND2, Unspecified, Line]
    @(106.68 mm, 46.99 mm): Symbol U5 Pin 16 [BIN2, Unspecified, Line]
[pin_to_pin]: Pins of type Unspecified and Passive are connected
    ; warning
    @(106.68 mm, 26.67 mm): Symbol U5 Pin 24 [VM1, Unspecified, Line]
    @(132.08 mm, 31.75 mm): Symbol R9 Pin 1 [Passive, Line]
[pin_to_pin]: Pins of type Unspecified and Passive are connected
    ; warning
    @(106.68 mm, 29.21 mm): Symbol U5 Pin 23 [PWMA, Unspecified, Line]
    @(50.80 mm, 53.34 mm): Symbol J4 Pin 12 [Pin_12, Passive, Line]
[pin_to_pin]: Pins of type Unspecified and Passive are connected
    ; warning
    @(106.68 mm, 31.75 mm): Symbol U5 Pin 22 [AIN2, Unspecified, Line]
    @(25.40 mm, 40.64 mm): Symbol J3 Pin 7 [Pin_7, Passive, Line]
[pin_to_pin]: Pins of type Unspecified and Passive are connected
    ; warning
    @(106.68 mm, 34.29 mm): Symbol U5 Pin 21 [AIN1, Unspecified, Line]
    @(50.80 mm, 58.42 mm): Symbol J4 Pin 14 [Pin_14, Passive, Line]
[pin_to_pin]: Pins of type Unspecified and Unspecified are connected
    ; warning
    @(106.68 mm, 36.83 mm): Symbol U5 Pin 20 [VCC, Unspecified, Line]
    @(106.68 mm, 26.67 mm): Symbol U5 Pin 24 [VM1, Unspecified, Line]
[pin_to_pin]: Pins of type Unspecified and Passive are connected
    ; warning
    @(106.68 mm, 39.37 mm): Symbol U5 Pin 19 [STBY, Unspecified, Line]
    @(25.40 mm, 38.10 mm): Symbol J3 Pin 6 [Pin_6, Passive, Line]
[pin_to_pin]: Pins of type Unspecified and Unspecified are connected
    ; warning
    @(106.68 mm, 41.91 mm): Symbol U5 Pin 18 [GND, Unspecified, Line]
    @(106.68 mm, 36.83 mm): Symbol U5 Pin 20 [VCC, Unspecified, Line]
[pin_to_pin]: Pins of type Unspecified and Unspecified are connected
    ; warning
    @(106.68 mm, 44.45 mm): Symbol U5 Pin 17 [BIN1, Unspecified, Line]
    @(106.68 mm, 41.91 mm): Symbol U5 Pin 18 [GND, Unspecified, Line]
[pin_to_pin]: Pins of type Unspecified and Unspecified are connected
    ; warning
    @(106.68 mm, 46.99 mm): Symbol U5 Pin 16 [BIN2, Unspecified, Line]
    @(106.68 mm, 44.45 mm): Symbol U5 Pin 17 [BIN1, Unspecified, Line]
[pin_to_pin]: Pins of type Unspecified and Unspecified are connected
    ; warning
    @(106.68 mm, 49.53 mm): Symbol U5 Pin 15 [PWMB, Unspecified, Line]
    @(106.68 mm, 46.99 mm): Symbol U5 Pin 16 [BIN2, Unspecified, Line]
[pin_to_pin]: Pins of type Unspecified and Unspecified are connected
    ; warning
    @(106.68 mm, 52.07 mm): Symbol U5 Pin 14 [VM3, Unspecified, Line]
    @(106.68 mm, 49.53 mm): Symbol U5 Pin 15 [PWMB, Unspecified, Line]
[pin_to_pin]: Pins of type Unspecified and Unspecified are connected
    ; warning
    @(106.68 mm, 54.61 mm): Symbol U5 Pin 13 [VM2, Unspecified, Line]
    @(106.68 mm, 52.07 mm): Symbol U5 Pin 14 [VM3, Unspecified, Line]
[multiple_net_names]: Both GND and M0_ENC_B are attached to the same items; GND will be used in the netlist
    ; warning
    @(55.88 mm, 41.91 mm): Hierarchical Label 'GND'
    @(154.94 mm, 31.75 mm): Hierarchical Label 'M0_ENC_B'

***** Sheet /Sensors/
[pin_not_connected]: Pin not connected
    ; error
    @(29.21 mm, 27.94 mm): Symbol U6 Pin 2 [RESV, Unspecified, Line]
[pin_not_connected]: Pin not connected
    ; error
    @(29.21 mm, 30.48 mm): Symbol U6 Pin 3 [RESV, Unspecified, Line]
[pin_not_connected]: Pin not connected
    ; error
    @(29.21 mm, 40.64 mm): Symbol U6 Pin 7 [RESV, Unspecified, Line]
[pin_not_connected]: Pin not connected
    ; error
    @(97.79 mm, 33.02 mm): Symbol U6 Pin 11 [RESV, Unspecified, Line]
[pin_not_connected]: Pin not connected
    ; error
    @(97.79 mm, 35.56 mm): Symbol U6 Pin 10 [RESV, Unspecified, Line]
[pin_not_connected]: Pin not connected
    ; error
    @(97.79 mm, 38.10 mm): Symbol U6 Pin 9 [INT2/FSYNC/CLKIN, Unspecified, Line]
[pin_not_connected]: Pin not connected
    ; error
    @(175.26 mm, 39.37 mm): Symbol R15 Pin 2 [Passive, Line]
[pin_not_connected]: Pin not connected
    ; error
    @(198.12 mm, 39.37 mm): Symbol R16 Pin 2 [Passive, Line]
[pin_not_connected]: Pin not connected
    ; error
    @(223.52 mm, 36.83 mm): Symbol C14 Pin 2 [Passive, Line]
[pin_not_connected]: Pin not connected
    ; error
    @(248.92 mm, 36.83 mm): Symbol C15 Pin 2 [Passive, Line]
[pin_not_connected]: Pin not connected
    ; error
    @(274.32 mm, 36.83 mm): Symbol C16 Pin 2 [Passive, Line]
[pin_to_pin]: Pins of type Unspecified and Passive are connected
    ; warning
    @(29.21 mm, 25.40 mm): Symbol U6 Pin 1 [AP_SDO/AP_AD0, Unspecified, Line]
    @(25.40 mm, 45.72 mm): Symbol J3 Pin 9 [Pin_9, Passive, Line]
[pin_to_pin]: Pins of type Unspecified and Passive are connected
    ; warning
    @(29.21 mm, 33.02 mm): Symbol U6 Pin 4 [INT1/INT, Unspecified, Line]
    @(25.40 mm, 25.40 mm): Symbol J3 Pin 1 [Pin_1, Passive, Line]
[multiple_net_names]: Both GND and V3V3 are attached to the same items; GND will be used in the netlist
    ; warning
    @(149.86 mm, 26.67 mm): Hierarchical Label 'GND'
    @(29.21 mm, 35.56 mm): Hierarchical Label 'V3V3'
[pin_to_pin]: Pins of type Unspecified and Unspecified are connected
    ; warning
    @(29.21 mm, 35.56 mm): Symbol U6 Pin 5 [VDDIO, Unspecified, Line]
    @(29.21 mm, 38.10 mm): Symbol U6 Pin 6 [GND, Unspecified, Line]
[pin_to_pin]: Pins of type Unspecified and Passive are connected
    ; warning
    @(29.21 mm, 38.10 mm): Symbol U6 Pin 6 [GND, Unspecified, Line]
    @(25.40 mm, 86.36 mm): Symbol J8 Pin 1 [Pin_1, Passive, Line]
[pin_to_pin]: Pins of type Unspecified and Passive are connected
    ; warning
    @(97.79 mm, 25.40 mm): Symbol U6 Pin 14 [AP_SDA/AP_SDIO/AP_SDI, Unspecified, Line]
    @(25.40 mm, 48.26 mm): Symbol J3 Pin 10 [Pin_10, Passive, Line]
[pin_to_pin]: Pins of type Unspecified and Passive are connected
    ; warning
    @(97.79 mm, 27.94 mm): Symbol U6 Pin 13 [AP_SCL/AP_SCLK, Unspecified, Line]
    @(50.80 mm, 73.66 mm): Symbol J4 Pin 20 [Pin_20, Passive, Line]
[pin_to_pin]: Pins of type Unspecified and Passive are connected
    ; warning
    @(97.79 mm, 30.48 mm): Symbol U6 Pin 12 [AP_CS, Unspecified, Line]
    @(25.40 mm, 27.94 mm): Symbol J3 Pin 2 [Pin_2, Passive, Line]
[pin_to_pin]: Pins of type Unspecified and Unspecified are connected
    ; warning
    @(97.79 mm, 40.64 mm): Symbol U6 Pin 8 [VDD, Unspecified, Line]
    @(124.46 mm, 34.29 mm): Symbol U7 Pin 3 [GND, Unspecified, Line]
[pin_to_pin]: Pins of type Unspecified and Unspecified are connected
    ; warning
    @(124.46 mm, 29.21 mm): Symbol U7 Pin 1 [VCC, Unspecified, Line]
    @(124.46 mm, 31.75 mm): Symbol U7 Pin 2 [ADDR, Unspecified, Line]
[pin_to_pin]: Pins of type Unspecified and Unspecified are connected
    ; warning
    @(124.46 mm, 31.75 mm): Symbol U7 Pin 2 [ADDR, Unspecified, Line]
    @(124.46 mm, 34.29 mm): Symbol U7 Pin 3 [GND, Unspecified, Line]
[pin_to_pin]: Pins of type Unspecified and Unspecified are connected
    ; warning
    @(124.46 mm, 34.29 mm): Symbol U7 Pin 3 [GND, Unspecified, Line]
    @(149.86 mm, 34.29 mm): Symbol U7 Pin 4 [SDA, Unspecified, Line]
[pin_to_pin]: Pins of type Unspecified and Passive are connected
    ; warning
    @(149.86 mm, 26.67 mm): Symbol U7 Pin 7 [EP, Unspecified, Line]
    @(175.26 mm, 31.75 mm): Symbol R15 Pin 1 [Passive, Line]
[pin_to_pin]: Pins of type Unspecified and Unspecified are connected
    ; warning
    @(149.86 mm, 29.21 mm): Symbol U7 Pin 6 [SCL, Unspecified, Line]
    @(149.86 mm, 26.67 mm): Symbol U7 Pin 7 [EP, Unspecified, Line]
[pin_to_pin]: Pins of type Unspecified and Unspecified are connected
    ; warning
    @(149.86 mm, 31.75 mm): Symbol U7 Pin 5 [DVI, Unspecified, Line]
    @(149.86 mm, 29.21 mm): Symbol U7 Pin 6 [SCL, Unspecified, Line]
[pin_to_pin]: Pins of type Unspecified and Unspecified are connected
    ; warning
    @(149.86 mm, 34.29 mm): Symbol U7 Pin 4 [SDA, Unspecified, Line]
    @(149.86 mm, 31.75 mm): Symbol U7 Pin 5 [DVI, Unspecified, Line]

 ** ERC messages: 217  Errors 134  Warnings 83

 ** Ignored checks:
    - Global label only appears once in the schematic
    - Four connection points are joined together
    - SPICE model issue
    - Assigned footprint doesn't match footprint filters
